абвгдеёжёж
гдеёжёжёжёжёжёжзийк
ёжёж
ЁжёжёжёЖ
1 ёжёж, 2 ёжёж.