Всё содержимое данного файла должно остаться неизменным.
