0.000	-1.000	0.000
0.025	0.100	0.200
-0.125	-0.500	0.000
